Archive member included to satisfy reference by file (symbol)

/usr/lib/gcc/avr/5.4.0/avr4/libgcc.a(_divmodsi4.o)
                              lcbdk.o (__divmodsi4)
/usr/lib/gcc/avr/5.4.0/avr4/libgcc.a(_negsi2.o)
                              /usr/lib/gcc/avr/5.4.0/avr4/libgcc.a(_divmodsi4.o) (__negsi2)
/usr/lib/gcc/avr/5.4.0/avr4/libgcc.a(_exit.o)
                              /usr/lib/gcc/avr/5.4.0/../../../avr/lib/avr4/crtatmega8.o (exit)
/usr/lib/gcc/avr/5.4.0/avr4/libgcc.a(_copy_data.o)
                              lcbdk.o (__do_copy_data)
/usr/lib/gcc/avr/5.4.0/avr4/libgcc.a(_clear_bss.o)
                              lcbdk.o (__do_clear_bss)
/usr/lib/gcc/avr/5.4.0/avr4/libgcc.a(_udivmodsi4.o)
                              /usr/lib/gcc/avr/5.4.0/avr4/libgcc.a(_divmodsi4.o) (__udivmodsi4)
/usr/lib/gcc/avr/5.4.0/../../../avr/lib/avr4/libm.a(addsf3.o)
                              lcbdk.o (__subsf3)
/usr/lib/gcc/avr/5.4.0/../../../avr/lib/avr4/libm.a(addsf3x.o)
                              /usr/lib/gcc/avr/5.4.0/../../../avr/lib/avr4/libm.a(addsf3.o) (__addsf3x)
/usr/lib/gcc/avr/5.4.0/../../../avr/lib/avr4/libm.a(divsf3.o)
                              lcbdk.o (__divsf3)
/usr/lib/gcc/avr/5.4.0/../../../avr/lib/avr4/libm.a(divsf3x.o)
                              /usr/lib/gcc/avr/5.4.0/../../../avr/lib/avr4/libm.a(divsf3.o) (__divsf3x)
/usr/lib/gcc/avr/5.4.0/../../../avr/lib/avr4/libm.a(fixsfsi.o)
                              lcbdk.o (__fixsfsi)
/usr/lib/gcc/avr/5.4.0/../../../avr/lib/avr4/libm.a(fixunssfsi.o)
                              lcbdk.o (__fixunssfsi)
/usr/lib/gcc/avr/5.4.0/../../../avr/lib/avr4/libm.a(floatsisf.o)
                              lcbdk.o (__floatunsisf)
/usr/lib/gcc/avr/5.4.0/../../../avr/lib/avr4/libm.a(fp_inf.o)
                              /usr/lib/gcc/avr/5.4.0/../../../avr/lib/avr4/libm.a(addsf3x.o) (__fp_inf)
/usr/lib/gcc/avr/5.4.0/../../../avr/lib/avr4/libm.a(fp_nan.o)
                              /usr/lib/gcc/avr/5.4.0/../../../avr/lib/avr4/libm.a(addsf3x.o) (__fp_nan)
/usr/lib/gcc/avr/5.4.0/../../../avr/lib/avr4/libm.a(fp_pscA.o)
                              /usr/lib/gcc/avr/5.4.0/../../../avr/lib/avr4/libm.a(addsf3x.o) (__fp_pscA)
/usr/lib/gcc/avr/5.4.0/../../../avr/lib/avr4/libm.a(fp_pscB.o)
                              /usr/lib/gcc/avr/5.4.0/../../../avr/lib/avr4/libm.a(addsf3x.o) (__fp_pscB)
/usr/lib/gcc/avr/5.4.0/../../../avr/lib/avr4/libm.a(fp_round.o)
                              /usr/lib/gcc/avr/5.4.0/../../../avr/lib/avr4/libm.a(addsf3.o) (__fp_round)
/usr/lib/gcc/avr/5.4.0/../../../avr/lib/avr4/libm.a(fp_split3.o)
                              /usr/lib/gcc/avr/5.4.0/../../../avr/lib/avr4/libm.a(addsf3x.o) (__fp_split3)
/usr/lib/gcc/avr/5.4.0/../../../avr/lib/avr4/libm.a(fp_zero.o)
                              /usr/lib/gcc/avr/5.4.0/../../../avr/lib/avr4/libm.a(addsf3x.o) (__fp_zero)
/usr/lib/gcc/avr/5.4.0/../../../avr/lib/avr4/libm.a(mulsf3.o)
                              lcbdk.o (__mulsf3)
/usr/lib/gcc/avr/5.4.0/../../../avr/lib/avr4/libm.a(mulsf3x.o)
                              /usr/lib/gcc/avr/5.4.0/../../../avr/lib/avr4/libm.a(mulsf3.o) (__mulsf3x)

Memory Configuration

Name             Origin             Length             Attributes
text             0x0000000000000000 0x0000000000002000 xr
data             0x0000000000800060 0x0000000000000400 rw !x
eeprom           0x0000000000810000 0x0000000000000200 rw !x
fuse             0x0000000000820000 0x0000000000000002 rw !x
lock             0x0000000000830000 0x0000000000000400 rw !x
signature        0x0000000000840000 0x0000000000000400 rw !x
user_signatures  0x0000000000850000 0x0000000000000400 rw !x
*default*        0x0000000000000000 0xffffffffffffffff

Linker script and memory map

LOAD /usr/lib/gcc/avr/5.4.0/../../../avr/lib/avr4/crtatmega8.o
LOAD lcbdk.o
LOAD lcd_44780.o
START GROUP
LOAD /usr/lib/gcc/avr/5.4.0/avr4/libgcc.a
LOAD /usr/lib/gcc/avr/5.4.0/../../../avr/lib/avr4/libm.a
LOAD /usr/lib/gcc/avr/5.4.0/../../../avr/lib/avr4/libc.a
LOAD /usr/lib/gcc/avr/5.4.0/../../../avr/lib/avr4/libatmega8.a
END GROUP
                0x0000000000000000                __TEXT_REGION_ORIGIN__ = DEFINED (__TEXT_REGION_ORIGIN__)?__TEXT_REGION_ORIGIN__:0x0
                [0x0000000000800060]                __DATA_REGION_ORIGIN__ = DEFINED (__DATA_REGION_ORIGIN__)?__DATA_REGION_ORIGIN__:0x800060
                [0x0000000000002000]                __TEXT_REGION_LENGTH__ = DEFINED (__TEXT_REGION_LENGTH__)?__TEXT_REGION_LENGTH__:0x2000
                [0x0000000000000400]                __DATA_REGION_LENGTH__ = DEFINED (__DATA_REGION_LENGTH__)?__DATA_REGION_LENGTH__:0xffa0
                [0x0000000000000200]                __EEPROM_REGION_LENGTH__ = DEFINED (__EEPROM_REGION_LENGTH__)?__EEPROM_REGION_LENGTH__:0x10000
                [0x0000000000000002]                __FUSE_REGION_LENGTH__ = DEFINED (__FUSE_REGION_LENGTH__)?__FUSE_REGION_LENGTH__:0x400
                0x0000000000000400                __LOCK_REGION_LENGTH__ = DEFINED (__LOCK_REGION_LENGTH__)?__LOCK_REGION_LENGTH__:0x400
                0x0000000000000400                __SIGNATURE_REGION_LENGTH__ = DEFINED (__SIGNATURE_REGION_LENGTH__)?__SIGNATURE_REGION_LENGTH__:0x400
                0x0000000000000400                __USER_SIGNATURE_REGION_LENGTH__ = DEFINED (__USER_SIGNATURE_REGION_LENGTH__)?__USER_SIGNATURE_REGION_LENGTH__:0x400

.hash
 *(.hash)

.dynsym
 *(.dynsym)

.dynstr
 *(.dynstr)

.gnu.version
 *(.gnu.version)

.gnu.version_d
 *(.gnu.version_d)

.gnu.version_r
 *(.gnu.version_r)

.rel.init
 *(.rel.init)

.rela.init
 *(.rela.init)

.rel.text
 *(.rel.text)
 *(.rel.text.*)
 *(.rel.gnu.linkonce.t*)

.rela.text
 *(.rela.text)
 *(.rela.text.*)
 *(.rela.gnu.linkonce.t*)

.rel.fini
 *(.rel.fini)

.rela.fini
 *(.rela.fini)

.rel.rodata
 *(.rel.rodata)
 *(.rel.rodata.*)
 *(.rel.gnu.linkonce.r*)

.rela.rodata
 *(.rela.rodata)
 *(.rela.rodata.*)
 *(.rela.gnu.linkonce.r*)

.rel.data
 *(.rel.data)
 *(.rel.data.*)
 *(.rel.gnu.linkonce.d*)

.rela.data
 *(.rela.data)
 *(.rela.data.*)
 *(.rela.gnu.linkonce.d*)

.rel.ctors
 *(.rel.ctors)

.rela.ctors
 *(.rela.ctors)

.rel.dtors
 *(.rel.dtors)

.rela.dtors
 *(.rela.dtors)

.rel.got
 *(.rel.got)

.rela.got
 *(.rela.got)

.rel.bss
 *(.rel.bss)

.rela.bss
 *(.rela.bss)

.rel.plt
 *(.rel.plt)

.rela.plt
 *(.rela.plt)

.text           0x0000000000000000      0xb88
 *(.vectors)
 .vectors       0x0000000000000000       0x26 /usr/lib/gcc/avr/5.4.0/../../../avr/lib/avr4/crtatmega8.o
                0x0000000000000000                __vectors
                0x0000000000000000                __vector_default
 *(.vectors)
 *(.progmem.gcc*)
                0x0000000000000026                . = ALIGN (0x2)
                0x0000000000000026                __trampolines_start = .
 *(.trampolines)
 .trampolines   0x0000000000000026        0x0 linker stubs
 *(.trampolines*)
                0x0000000000000026                __trampolines_end = .
 *libprintf_flt.a:*(.progmem.data)
 *libc.a:*(.progmem.data)
 *(.progmem*)
                0x0000000000000026                . = ALIGN (0x2)
 *(.jumptables)
 *(.jumptables*)
 *(.lowtext)
 *(.lowtext*)
                0x0000000000000026                __ctors_start = .
 *(.ctors)
                0x0000000000000026                __ctors_end = .
                0x0000000000000026                __dtors_start = .
 *(.dtors)
                0x0000000000000026                __dtors_end = .
 SORT(*)(.ctors)
 SORT(*)(.dtors)
 *(.init0)
 .init0         0x0000000000000026        0x0 /usr/lib/gcc/avr/5.4.0/../../../avr/lib/avr4/crtatmega8.o
                0x0000000000000026                __init
 *(.init0)
 *(.init1)
 *(.init1)
 *(.init2)
 .init2         0x0000000000000026        0xc /usr/lib/gcc/avr/5.4.0/../../../avr/lib/avr4/crtatmega8.o
 *(.init2)
 *(.init3)
 *(.init3)
 *(.init4)
 .init4         0x0000000000000032       0x16 /usr/lib/gcc/avr/5.4.0/avr4/libgcc.a(_copy_data.o)
                0x0000000000000032                __do_copy_data
 .init4         0x0000000000000048       0x10 /usr/lib/gcc/avr/5.4.0/avr4/libgcc.a(_clear_bss.o)
                0x0000000000000048                __do_clear_bss
 *(.init4)
 *(.init5)
 *(.init5)
 *(.init6)
 *(.init6)
 *(.init7)
 *(.init7)
 *(.init8)
 *(.init8)
 *(.init9)
 .init9         0x0000000000000058        0x4 /usr/lib/gcc/avr/5.4.0/../../../avr/lib/avr4/crtatmega8.o
 *(.init9)
 *(.text)
 .text          0x000000000000005c        0x2 /usr/lib/gcc/avr/5.4.0/../../../avr/lib/avr4/crtatmega8.o
                0x000000000000005c                __vector_1
                0x000000000000005c                __vector_12
                0x000000000000005c                __bad_interrupt
                0x000000000000005c                __vector_6
                0x000000000000005c                __vector_3
                0x000000000000005c                __vector_11
                0x000000000000005c                __vector_13
                0x000000000000005c                __vector_17
                0x000000000000005c                __vector_7
                0x000000000000005c                __vector_5
                0x000000000000005c                __vector_4
                0x000000000000005c                __vector_2
                0x000000000000005c                __vector_15
                0x000000000000005c                __vector_14
                0x000000000000005c                __vector_10
                0x000000000000005c                __vector_16
                0x000000000000005c                __vector_18
 .text          0x000000000000005e      0x31a lcbdk.o
                0x000000000000005e                timer0_init
                0x000000000000006a                timer1_init
                0x000000000000007a                measure_frequency
                0x00000000000000d0                __vector_8
                0x000000000000019e                __vector_9
                0x00000000000001cc                operate
                0x00000000000001ce                itos
                0x0000000000000266                find_c
                0x0000000000000290                find_l
                0x00000000000002ba                calibrate
                0x000000000000035e                init_buttons
                0x000000000000036c                get_buttons
 .text          0x0000000000000378      0x1dc lcd_44780.o
                0x00000000000003a0                LCD_44780_write_command
                0x00000000000003be                LCD_44780_init
                0x000000000000044e                LCD_44780_write_data
                0x000000000000046c                LCD_44780_clear
                0x000000000000047e                LCD_44780_home
                0x0000000000000490                LCD_44780_entry_mode
                0x000000000000049e                LCD_44780_display_enable
                0x00000000000004ac                LCD_44780_cursor_display_shift
                0x00000000000004ba                LCD_44780_function_set
                0x00000000000004c8                LCD_44780_set_CGRAM_address
                0x00000000000004d8                LCD_44780_set_DDRAM_address
                0x00000000000004e6                LCD_44780_goto
                0x0000000000000518                LCD_44780_read_status
                0x000000000000051c                LCD_44780_read_data
                0x0000000000000520                LCD_44780_write_string
 .text          0x0000000000000554        0x0 /usr/lib/gcc/avr/5.4.0/avr4/libgcc.a(_divmodsi4.o)
 .text          0x0000000000000554        0x0 /usr/lib/gcc/avr/5.4.0/avr4/libgcc.a(_negsi2.o)
 .text          0x0000000000000554        0x0 /usr/lib/gcc/avr/5.4.0/avr4/libgcc.a(_exit.o)
 .text          0x0000000000000554        0x0 /usr/lib/gcc/avr/5.4.0/avr4/libgcc.a(_copy_data.o)
 .text          0x0000000000000554        0x0 /usr/lib/gcc/avr/5.4.0/avr4/libgcc.a(_clear_bss.o)
 .text          0x0000000000000554        0x0 /usr/lib/gcc/avr/5.4.0/avr4/libgcc.a(_udivmodsi4.o)
 .text          0x0000000000000554        0x0 /usr/lib/gcc/avr/5.4.0/../../../avr/lib/avr4/libm.a(addsf3.o)
 .text          0x0000000000000554        0x0 /usr/lib/gcc/avr/5.4.0/../../../avr/lib/avr4/libm.a(addsf3x.o)
 .text          0x0000000000000554        0x0 /usr/lib/gcc/avr/5.4.0/../../../avr/lib/avr4/libm.a(divsf3.o)
 .text          0x0000000000000554        0x0 /usr/lib/gcc/avr/5.4.0/../../../avr/lib/avr4/libm.a(divsf3x.o)
 .text          0x0000000000000554        0x0 /usr/lib/gcc/avr/5.4.0/../../../avr/lib/avr4/libm.a(fixsfsi.o)
 .text          0x0000000000000554        0x0 /usr/lib/gcc/avr/5.4.0/../../../avr/lib/avr4/libm.a(fixunssfsi.o)
 .text          0x0000000000000554        0x0 /usr/lib/gcc/avr/5.4.0/../../../avr/lib/avr4/libm.a(floatsisf.o)
 .text          0x0000000000000554        0x0 /usr/lib/gcc/avr/5.4.0/../../../avr/lib/avr4/libm.a(fp_inf.o)
 .text          0x0000000000000554        0x0 /usr/lib/gcc/avr/5.4.0/../../../avr/lib/avr4/libm.a(fp_nan.o)
 .text          0x0000000000000554        0x0 /usr/lib/gcc/avr/5.4.0/../../../avr/lib/avr4/libm.a(fp_pscA.o)
 .text          0x0000000000000554        0x0 /usr/lib/gcc/avr/5.4.0/../../../avr/lib/avr4/libm.a(fp_pscB.o)
 .text          0x0000000000000554        0x0 /usr/lib/gcc/avr/5.4.0/../../../avr/lib/avr4/libm.a(fp_round.o)
 .text          0x0000000000000554        0x0 /usr/lib/gcc/avr/5.4.0/../../../avr/lib/avr4/libm.a(fp_split3.o)
 .text          0x0000000000000554        0x0 /usr/lib/gcc/avr/5.4.0/../../../avr/lib/avr4/libm.a(fp_zero.o)
 .text          0x0000000000000554        0x0 /usr/lib/gcc/avr/5.4.0/../../../avr/lib/avr4/libm.a(mulsf3.o)
 .text          0x0000000000000554        0x0 /usr/lib/gcc/avr/5.4.0/../../../avr/lib/avr4/libm.a(mulsf3x.o)
                0x0000000000000554                . = ALIGN (0x2)
 *(.text.*)
 .text.startup  0x0000000000000554      0x1d6 lcbdk.o
                0x0000000000000554                main
 .text.libgcc.mul
                0x000000000000072a        0x0 /usr/lib/gcc/avr/5.4.0/avr4/libgcc.a(_divmodsi4.o)
 .text.libgcc.div
                0x000000000000072a       0x28 /usr/lib/gcc/avr/5.4.0/avr4/libgcc.a(_divmodsi4.o)
                0x000000000000072a                __divmodsi4
 .text.libgcc   0x0000000000000752        0x0 /usr/lib/gcc/avr/5.4.0/avr4/libgcc.a(_divmodsi4.o)
 .text.libgcc.prologue
                0x0000000000000752        0x0 /usr/lib/gcc/avr/5.4.0/avr4/libgcc.a(_divmodsi4.o)
 .text.libgcc.builtins
                0x0000000000000752        0x0 /usr/lib/gcc/avr/5.4.0/avr4/libgcc.a(_divmodsi4.o)
 .text.libgcc.fmul
                0x0000000000000752        0x0 /usr/lib/gcc/avr/5.4.0/avr4/libgcc.a(_divmodsi4.o)
 .text.libgcc.fixed
                0x0000000000000752        0x0 /usr/lib/gcc/avr/5.4.0/avr4/libgcc.a(_divmodsi4.o)
 .text.libgcc.mul
                0x0000000000000752        0x0 /usr/lib/gcc/avr/5.4.0/avr4/libgcc.a(_negsi2.o)
 .text.libgcc.div
                0x0000000000000752       0x10 /usr/lib/gcc/avr/5.4.0/avr4/libgcc.a(_negsi2.o)
                0x0000000000000752                __negsi2
 .text.libgcc   0x0000000000000762        0x0 /usr/lib/gcc/avr/5.4.0/avr4/libgcc.a(_negsi2.o)
 .text.libgcc.prologue
                0x0000000000000762        0x0 /usr/lib/gcc/avr/5.4.0/avr4/libgcc.a(_negsi2.o)
 .text.libgcc.builtins
                0x0000000000000762        0x0 /usr/lib/gcc/avr/5.4.0/avr4/libgcc.a(_negsi2.o)
 .text.libgcc.fmul
                0x0000000000000762        0x0 /usr/lib/gcc/avr/5.4.0/avr4/libgcc.a(_negsi2.o)
 .text.libgcc.fixed
                0x0000000000000762        0x0 /usr/lib/gcc/avr/5.4.0/avr4/libgcc.a(_negsi2.o)
 .text.libgcc.mul
                0x0000000000000762        0x0 /usr/lib/gcc/avr/5.4.0/avr4/libgcc.a(_exit.o)
 .text.libgcc.div
                0x0000000000000762        0x0 /usr/lib/gcc/avr/5.4.0/avr4/libgcc.a(_exit.o)
 .text.libgcc   0x0000000000000762        0x0 /usr/lib/gcc/avr/5.4.0/avr4/libgcc.a(_exit.o)
 .text.libgcc.prologue
                0x0000000000000762        0x0 /usr/lib/gcc/avr/5.4.0/avr4/libgcc.a(_exit.o)
 .text.libgcc.builtins
                0x0000000000000762        0x0 /usr/lib/gcc/avr/5.4.0/avr4/libgcc.a(_exit.o)
 .text.libgcc.fmul
                0x0000000000000762        0x0 /usr/lib/gcc/avr/5.4.0/avr4/libgcc.a(_exit.o)
 .text.libgcc.fixed
                0x0000000000000762        0x0 /usr/lib/gcc/avr/5.4.0/avr4/libgcc.a(_exit.o)
 .text.libgcc.mul
                0x0000000000000762        0x0 /usr/lib/gcc/avr/5.4.0/avr4/libgcc.a(_copy_data.o)
 .text.libgcc.div
                0x0000000000000762        0x0 /usr/lib/gcc/avr/5.4.0/avr4/libgcc.a(_copy_data.o)
 .text.libgcc   0x0000000000000762        0x0 /usr/lib/gcc/avr/5.4.0/avr4/libgcc.a(_copy_data.o)
 .text.libgcc.prologue
                0x0000000000000762        0x0 /usr/lib/gcc/avr/5.4.0/avr4/libgcc.a(_copy_data.o)
 .text.libgcc.builtins
                0x0000000000000762        0x0 /usr/lib/gcc/avr/5.4.0/avr4/libgcc.a(_copy_data.o)
 .text.libgcc.fmul
                0x0000000000000762        0x0 /usr/lib/gcc/avr/5.4.0/avr4/libgcc.a(_copy_data.o)
 .text.libgcc.fixed
                0x0000000000000762        0x0 /usr/lib/gcc/avr/5.4.0/avr4/libgcc.a(_copy_data.o)
 .text.libgcc.mul
                0x0000000000000762        0x0 /usr/lib/gcc/avr/5.4.0/avr4/libgcc.a(_clear_bss.o)
 .text.libgcc.div
                0x0000000000000762        0x0 /usr/lib/gcc/avr/5.4.0/avr4/libgcc.a(_clear_bss.o)
 .text.libgcc   0x0000000000000762        0x0 /usr/lib/gcc/avr/5.4.0/avr4/libgcc.a(_clear_bss.o)
 .text.libgcc.prologue
                0x0000000000000762        0x0 /usr/lib/gcc/avr/5.4.0/avr4/libgcc.a(_clear_bss.o)
 .text.libgcc.builtins
                0x0000000000000762        0x0 /usr/lib/gcc/avr/5.4.0/avr4/libgcc.a(_clear_bss.o)
 .text.libgcc.fmul
                0x0000000000000762        0x0 /usr/lib/gcc/avr/5.4.0/avr4/libgcc.a(_clear_bss.o)
 .text.libgcc.fixed
                0x0000000000000762        0x0 /usr/lib/gcc/avr/5.4.0/avr4/libgcc.a(_clear_bss.o)
 .text.libgcc.mul
                0x0000000000000762        0x0 /usr/lib/gcc/avr/5.4.0/avr4/libgcc.a(_udivmodsi4.o)
 .text.libgcc.div
                0x0000000000000762       0x44 /usr/lib/gcc/avr/5.4.0/avr4/libgcc.a(_udivmodsi4.o)
                0x0000000000000762                __udivmodsi4
 .text.libgcc   0x00000000000007a6        0x0 /usr/lib/gcc/avr/5.4.0/avr4/libgcc.a(_udivmodsi4.o)
 .text.libgcc.prologue
                0x00000000000007a6        0x0 /usr/lib/gcc/avr/5.4.0/avr4/libgcc.a(_udivmodsi4.o)
 .text.libgcc.builtins
                0x00000000000007a6        0x0 /usr/lib/gcc/avr/5.4.0/avr4/libgcc.a(_udivmodsi4.o)
 .text.libgcc.fmul
                0x00000000000007a6        0x0 /usr/lib/gcc/avr/5.4.0/avr4/libgcc.a(_udivmodsi4.o)
 .text.libgcc.fixed
                0x00000000000007a6        0x0 /usr/lib/gcc/avr/5.4.0/avr4/libgcc.a(_udivmodsi4.o)
 .text.avr-libc.fplib
                0x00000000000007a6        0xa /usr/lib/gcc/avr/5.4.0/../../../avr/lib/avr4/libm.a(addsf3.o)
                0x00000000000007a6                __subsf3
                0x00000000000007a8                __addsf3
 .text.avr-libc.fplib
                0x00000000000007b0       0xc0 /usr/lib/gcc/avr/5.4.0/../../../avr/lib/avr4/libm.a(addsf3x.o)
                0x00000000000007ca                __addsf3x
 .text.avr-libc.fplib
                0x0000000000000870        0x4 /usr/lib/gcc/avr/5.4.0/../../../avr/lib/avr4/libm.a(divsf3.o)
                0x0000000000000870                __divsf3
 .text.avr-libc.fplib
                0x0000000000000874       0xcc /usr/lib/gcc/avr/5.4.0/../../../avr/lib/avr4/libm.a(divsf3x.o)
                0x000000000000088a                __divsf3x
                0x000000000000088e                __divsf3_pse
 .text.avr-libc.fplib
                0x0000000000000940        0xa /usr/lib/gcc/avr/5.4.0/../../../avr/lib/avr4/libm.a(fixsfsi.o)
                0x0000000000000940                __fixsfsi
 .text.avr-libc.fplib
                0x000000000000094a       0x58 /usr/lib/gcc/avr/5.4.0/../../../avr/lib/avr4/libm.a(fixunssfsi.o)
                0x000000000000094a                __fixunssfsi
 .text.avr-libc.fplib
                0x00000000000009a2       0x7a /usr/lib/gcc/avr/5.4.0/../../../avr/lib/avr4/libm.a(floatsisf.o)
                0x00000000000009a2                __floatunsisf
                0x00000000000009a6                __floatsisf
 .text.avr-libc.fplib
                0x0000000000000a1c        0xc /usr/lib/gcc/avr/5.4.0/../../../avr/lib/avr4/libm.a(fp_inf.o)
                0x0000000000000a1c                __fp_inf
 .text.avr-libc.fplib
                0x0000000000000a28        0x6 /usr/lib/gcc/avr/5.4.0/../../../avr/lib/avr4/libm.a(fp_nan.o)
                0x0000000000000a28                __fp_nan
 .text.avr-libc.fplib
                0x0000000000000a2e        0xe /usr/lib/gcc/avr/5.4.0/../../../avr/lib/avr4/libm.a(fp_pscA.o)
                0x0000000000000a2e                __fp_pscA
 .text.avr-libc.fplib
                0x0000000000000a3c        0xe /usr/lib/gcc/avr/5.4.0/../../../avr/lib/avr4/libm.a(fp_pscB.o)
                0x0000000000000a3c                __fp_pscB
 .text.avr-libc.fplib
                0x0000000000000a4a       0x22 /usr/lib/gcc/avr/5.4.0/../../../avr/lib/avr4/libm.a(fp_round.o)
                0x0000000000000a4a                __fp_round
 .text.avr-libc.fplib
                0x0000000000000a6c       0x44 /usr/lib/gcc/avr/5.4.0/../../../avr/lib/avr4/libm.a(fp_split3.o)
                0x0000000000000a6c                __fp_split3
                0x0000000000000a7c                __fp_splitA
 .text.avr-libc.fplib
                0x0000000000000ab0        0xe /usr/lib/gcc/avr/5.4.0/../../../avr/lib/avr4/libm.a(fp_zero.o)
                0x0000000000000ab0                __fp_zero
                0x0000000000000ab2                __fp_szero
 .text.avr-libc.fplib
                0x0000000000000abe        0x4 /usr/lib/gcc/avr/5.4.0/../../../avr/lib/avr4/libm.a(mulsf3.o)
                0x0000000000000abe                __mulsf3
 .text.avr-libc.fplib
                0x0000000000000ac2       0xc2 /usr/lib/gcc/avr/5.4.0/../../../avr/lib/avr4/libm.a(mulsf3x.o)
                0x0000000000000ad6                __mulsf3x
                0x0000000000000ada                __mulsf3_pse
                0x0000000000000b84                . = ALIGN (0x2)
 *(.fini9)
 .fini9         0x0000000000000b84        0x0 /usr/lib/gcc/avr/5.4.0/avr4/libgcc.a(_exit.o)
                0x0000000000000b84                exit
                0x0000000000000b84                _exit
 *(.fini9)
 *(.fini8)
 *(.fini8)
 *(.fini7)
 *(.fini7)
 *(.fini6)
 *(.fini6)
 *(.fini5)
 *(.fini5)
 *(.fini4)
 *(.fini4)
 *(.fini3)
 *(.fini3)
 *(.fini2)
 *(.fini2)
 *(.fini1)
 *(.fini1)
 *(.fini0)
 .fini0         0x0000000000000b84        0x4 /usr/lib/gcc/avr/5.4.0/avr4/libgcc.a(_exit.o)
 *(.fini0)
                0x0000000000000b88                _etext = .

.data           0x0000000000800060       0x3e load address 0x0000000000000b88
                0x0000000000800060                PROVIDE (__data_start, .)
 *(.data)
 .data          0x0000000000800060        0x0 /usr/lib/gcc/avr/5.4.0/../../../avr/lib/avr4/crtatmega8.o
 .data          0x0000000000800060        0x0 lcbdk.o
 .data          0x0000000000800060        0x2 lcd_44780.o
 .data          0x0000000000800062        0x0 /usr/lib/gcc/avr/5.4.0/avr4/libgcc.a(_divmodsi4.o)
 .data          0x0000000000800062        0x0 /usr/lib/gcc/avr/5.4.0/avr4/libgcc.a(_negsi2.o)
 .data          0x0000000000800062        0x0 /usr/lib/gcc/avr/5.4.0/avr4/libgcc.a(_exit.o)
 .data          0x0000000000800062        0x0 /usr/lib/gcc/avr/5.4.0/avr4/libgcc.a(_copy_data.o)
 .data          0x0000000000800062        0x0 /usr/lib/gcc/avr/5.4.0/avr4/libgcc.a(_clear_bss.o)
 .data          0x0000000000800062        0x0 /usr/lib/gcc/avr/5.4.0/avr4/libgcc.a(_udivmodsi4.o)
 .data          0x0000000000800062        0x0 /usr/lib/gcc/avr/5.4.0/../../../avr/lib/avr4/libm.a(addsf3.o)
 .data          0x0000000000800062        0x0 /usr/lib/gcc/avr/5.4.0/../../../avr/lib/avr4/libm.a(addsf3x.o)
 .data          0x0000000000800062        0x0 /usr/lib/gcc/avr/5.4.0/../../../avr/lib/avr4/libm.a(divsf3.o)
 .data          0x0000000000800062        0x0 /usr/lib/gcc/avr/5.4.0/../../../avr/lib/avr4/libm.a(divsf3x.o)
 .data          0x0000000000800062        0x0 /usr/lib/gcc/avr/5.4.0/../../../avr/lib/avr4/libm.a(fixsfsi.o)
 .data          0x0000000000800062        0x0 /usr/lib/gcc/avr/5.4.0/../../../avr/lib/avr4/libm.a(fixunssfsi.o)
 .data          0x0000000000800062        0x0 /usr/lib/gcc/avr/5.4.0/../../../avr/lib/avr4/libm.a(floatsisf.o)
 .data          0x0000000000800062        0x0 /usr/lib/gcc/avr/5.4.0/../../../avr/lib/avr4/libm.a(fp_inf.o)
 .data          0x0000000000800062        0x0 /usr/lib/gcc/avr/5.4.0/../../../avr/lib/avr4/libm.a(fp_nan.o)
 .data          0x0000000000800062        0x0 /usr/lib/gcc/avr/5.4.0/../../../avr/lib/avr4/libm.a(fp_pscA.o)
 .data          0x0000000000800062        0x0 /usr/lib/gcc/avr/5.4.0/../../../avr/lib/avr4/libm.a(fp_pscB.o)
 .data          0x0000000000800062        0x0 /usr/lib/gcc/avr/5.4.0/../../../avr/lib/avr4/libm.a(fp_round.o)
 .data          0x0000000000800062        0x0 /usr/lib/gcc/avr/5.4.0/../../../avr/lib/avr4/libm.a(fp_split3.o)
 .data          0x0000000000800062        0x0 /usr/lib/gcc/avr/5.4.0/../../../avr/lib/avr4/libm.a(fp_zero.o)
 .data          0x0000000000800062        0x0 /usr/lib/gcc/avr/5.4.0/../../../avr/lib/avr4/libm.a(mulsf3.o)
 .data          0x0000000000800062        0x0 /usr/lib/gcc/avr/5.4.0/../../../avr/lib/avr4/libm.a(mulsf3x.o)
 *(.data*)
 *(.gnu.linkonce.d*)
 *(.rodata)
 *(.rodata*)
 .rodata.str1.1
                0x0000000000800062       0x3b lcbdk.o
 *(.gnu.linkonce.r*)
                0x000000000080009e                . = ALIGN (0x2)
 *fill*         0x000000000080009d        0x1 
                0x000000000080009e                _edata = .
                0x000000000080009e                PROVIDE (__data_end, .)

.bss            0x000000000080009e        0xe
                0x000000000080009e                PROVIDE (__bss_start, .)
 *(.bss)
 .bss           0x000000000080009e        0x0 /usr/lib/gcc/avr/5.4.0/../../../avr/lib/avr4/crtatmega8.o
 .bss           0x000000000080009e        0xe lcbdk.o
                0x000000000080009e                current_mode
 .bss           0x00000000008000ac        0x0 lcd_44780.o
 .bss           0x00000000008000ac        0x0 /usr/lib/gcc/avr/5.4.0/avr4/libgcc.a(_divmodsi4.o)
 .bss           0x00000000008000ac        0x0 /usr/lib/gcc/avr/5.4.0/avr4/libgcc.a(_negsi2.o)
 .bss           0x00000000008000ac        0x0 /usr/lib/gcc/avr/5.4.0/avr4/libgcc.a(_exit.o)
 .bss           0x00000000008000ac        0x0 /usr/lib/gcc/avr/5.4.0/avr4/libgcc.a(_copy_data.o)
 .bss           0x00000000008000ac        0x0 /usr/lib/gcc/avr/5.4.0/avr4/libgcc.a(_clear_bss.o)
 .bss           0x00000000008000ac        0x0 /usr/lib/gcc/avr/5.4.0/avr4/libgcc.a(_udivmodsi4.o)
 .bss           0x00000000008000ac        0x0 /usr/lib/gcc/avr/5.4.0/../../../avr/lib/avr4/libm.a(addsf3.o)
 .bss           0x00000000008000ac        0x0 /usr/lib/gcc/avr/5.4.0/../../../avr/lib/avr4/libm.a(addsf3x.o)
 .bss           0x00000000008000ac        0x0 /usr/lib/gcc/avr/5.4.0/../../../avr/lib/avr4/libm.a(divsf3.o)
 .bss           0x00000000008000ac        0x0 /usr/lib/gcc/avr/5.4.0/../../../avr/lib/avr4/libm.a(divsf3x.o)
 .bss           0x00000000008000ac        0x0 /usr/lib/gcc/avr/5.4.0/../../../avr/lib/avr4/libm.a(fixsfsi.o)
 .bss           0x00000000008000ac        0x0 /usr/lib/gcc/avr/5.4.0/../../../avr/lib/avr4/libm.a(fixunssfsi.o)
 .bss           0x00000000008000ac        0x0 /usr/lib/gcc/avr/5.4.0/../../../avr/lib/avr4/libm.a(floatsisf.o)
 .bss           0x00000000008000ac        0x0 /usr/lib/gcc/avr/5.4.0/../../../avr/lib/avr4/libm.a(fp_inf.o)
 .bss           0x00000000008000ac        0x0 /usr/lib/gcc/avr/5.4.0/../../../avr/lib/avr4/libm.a(fp_nan.o)
 .bss           0x00000000008000ac        0x0 /usr/lib/gcc/avr/5.4.0/../../../avr/lib/avr4/libm.a(fp_pscA.o)
 .bss           0x00000000008000ac        0x0 /usr/lib/gcc/avr/5.4.0/../../../avr/lib/avr4/libm.a(fp_pscB.o)
 .bss           0x00000000008000ac        0x0 /usr/lib/gcc/avr/5.4.0/../../../avr/lib/avr4/libm.a(fp_round.o)
 .bss           0x00000000008000ac        0x0 /usr/lib/gcc/avr/5.4.0/../../../avr/lib/avr4/libm.a(fp_split3.o)
 .bss           0x00000000008000ac        0x0 /usr/lib/gcc/avr/5.4.0/../../../avr/lib/avr4/libm.a(fp_zero.o)
 .bss           0x00000000008000ac        0x0 /usr/lib/gcc/avr/5.4.0/../../../avr/lib/avr4/libm.a(mulsf3.o)
 .bss           0x00000000008000ac        0x0 /usr/lib/gcc/avr/5.4.0/../../../avr/lib/avr4/libm.a(mulsf3x.o)
 *(.bss*)
 *(COMMON)
                0x00000000008000ac                PROVIDE (__bss_end, .)
                0x0000000000000b88                __data_load_start = LOADADDR (.data)
                0x0000000000000bc6                __data_load_end = (__data_load_start + SIZEOF (.data))

.noinit         0x00000000008000ac        0x0
                [!provide]                        PROVIDE (__noinit_start, .)
 *(.noinit*)
                [!provide]                        PROVIDE (__noinit_end, .)
                0x00000000008000ac                _end = .
                [!provide]                        PROVIDE (__heap_start, .)

.eeprom         0x0000000000810000        0x0
 *(.eeprom*)
                0x0000000000810000                __eeprom_end = .

.fuse
 *(.fuse)
 *(.lfuse)
 *(.hfuse)
 *(.efuse)

.lock
 *(.lock*)

.signature
 *(.signature*)

.user_signatures
 *(.user_signatures*)

.stab           0x0000000000000000     0x1b48
 *(.stab)
 .stab          0x0000000000000000      0xe7c lcbdk.o
 .stab          0x0000000000000e7c      0xccc lcd_44780.o
                                        0xeb8 (size before relaxing)

.stabstr        0x0000000000000000     0x12ff
 *(.stabstr)
 .stabstr       0x0000000000000000     0x12ff lcbdk.o

.stab.excl
 *(.stab.excl)

.stab.exclstr
 *(.stab.exclstr)

.stab.index
 *(.stab.index)

.stab.indexstr
 *(.stab.indexstr)

.comment        0x0000000000000000       0x11
 *(.comment)
 .comment       0x0000000000000000       0x11 lcbdk.o
                                         0x12 (size before relaxing)
 .comment       0x0000000000000011       0x12 lcd_44780.o

.note.gnu.avr.deviceinfo
                0x0000000000000000       0x3c
 .note.gnu.avr.deviceinfo
                0x0000000000000000       0x3c /usr/lib/gcc/avr/5.4.0/../../../avr/lib/avr4/crtatmega8.o

.note.gnu.build-id
 *(.note.gnu.build-id)

.debug
 *(.debug)

.line
 *(.line)

.debug_srcinfo
 *(.debug_srcinfo)

.debug_sfnames
 *(.debug_sfnames)

.debug_aranges
 *(.debug_aranges)

.debug_pubnames
 *(.debug_pubnames)

.debug_info     0x0000000000000000      0x48c
 *(.debug_info .gnu.linkonce.wi.*)
 .debug_info    0x0000000000000000      0x48c /usr/lib/gcc/avr/5.4.0/../../../avr/lib/avr4/crtatmega8.o

.debug_abbrev   0x0000000000000000      0x44e
 *(.debug_abbrev)
 .debug_abbrev  0x0000000000000000      0x44e /usr/lib/gcc/avr/5.4.0/../../../avr/lib/avr4/crtatmega8.o

.debug_line     0x0000000000000000       0x1a
 *(.debug_line .debug_line.* .debug_line_end)
 .debug_line    0x0000000000000000       0x1a /usr/lib/gcc/avr/5.4.0/../../../avr/lib/avr4/crtatmega8.o

.debug_frame
 *(.debug_frame)

.debug_str      0x0000000000000000      0x17a
 *(.debug_str)
 .debug_str     0x0000000000000000      0x17a /usr/lib/gcc/avr/5.4.0/../../../avr/lib/avr4/crtatmega8.o

.debug_loc
 *(.debug_loc)

.debug_macinfo
 *(.debug_macinfo)

.debug_weaknames
 *(.debug_weaknames)

.debug_funcnames
 *(.debug_funcnames)

.debug_typenames
 *(.debug_typenames)

.debug_varnames
 *(.debug_varnames)

.debug_pubtypes
 *(.debug_pubtypes)

.debug_ranges
 *(.debug_ranges)

.debug_macro
 *(.debug_macro)
OUTPUT(lcbdk elf32-avr)
LOAD linker stubs
